Messages: 3
got flags: S
got flags: 
got flags: N
Exit: 0
