
foo
all
foo2
output
output/folders/md/md1
nil
output/folders/md/md1
Exit: 0
